Archive member included to satisfy reference by file (symbol)

c:/program files (x86)/atmel studio/7.0/toolchain/avr8/avr8-gnu-toolchain/bin/../lib/gcc/avr/4.9.2/avr51\libgcc.a(_exit.o)
                              C:/Program Files (x86)/Atmel Studio/7.0/Packs/atmel/ATmega_DFP/1.0.98/gcc/dev/atmega128a/avr51/crtatmega128a.o (exit)
c:/program files (x86)/atmel studio/7.0/toolchain/avr8/avr8-gnu-toolchain/bin/../lib/gcc/avr/4.9.2/avr51\libgcc.a(_copy_data.o)
                              main.o (__do_copy_data)
c:/program files (x86)/atmel studio/7.0/toolchain/avr8/avr8-gnu-toolchain/bin/../lib/gcc/avr/4.9.2/avr51\libgcc.a(_clear_bss.o)
                              src/heap_1.o (__do_clear_bss)
c:/program files (x86)/atmel studio/7.0/toolchain/avr8/avr8-gnu-toolchain/bin/../lib/gcc/avr/4.9.2/../../../../avr/lib/avr51\libc.a(memcpy.o)
                              src/queue.o (memcpy)

Discarded input sections

 .data          0x00000000        0x0 C:/Program Files (x86)/Atmel Studio/7.0/Packs/atmel/ATmega_DFP/1.0.98/gcc/dev/atmega128a/avr51/crtatmega128a.o
 .bss           0x00000000        0x0 C:/Program Files (x86)/Atmel Studio/7.0/Packs/atmel/ATmega_DFP/1.0.98/gcc/dev/atmega128a/avr51/crtatmega128a.o
 .text          0x00000000        0x0 main.o
 .data          0x00000000        0x0 main.o
 .bss           0x00000000        0x0 main.o
 .text          0x00000000        0x0 src/heap_1.o
 .data          0x00000000        0x0 src/heap_1.o
 .bss           0x00000000        0x0 src/heap_1.o
 .text.vPortInitialiseBlocks
                0x00000000        0xa src/heap_1.o
 .text.xPortGetFreeHeapSize
                0x00000000       0x12 src/heap_1.o
 .text          0x00000000        0x0 src/list.o
 .data          0x00000000        0x0 src/list.o
 .bss           0x00000000        0x0 src/list.o
 .text          0x00000000        0x0 src/port.o
 .data          0x00000000        0x0 src/port.o
 .bss           0x00000000        0x0 src/port.o
 .text.vPortEndScheduler
                0x00000000        0x2 src/port.o
 .text          0x00000000        0x0 src/queue.o
 .data          0x00000000        0x0 src/queue.o
 .bss           0x00000000        0x0 src/queue.o
 .text.prvCopyDataToQueue
                0x00000000       0x96 src/queue.o
 .text.prvCopyDataFromQueue
                0x00000000       0x34 src/queue.o
 .text.prvUnlockQueue
                0x00000000       0x9a src/queue.o
 .text.xQueueGenericReset
                0x00000000       0x7a src/queue.o
 .text.xQueueGenericCreate
                0x00000000       0x5a src/queue.o
 .text.xQueueGenericSend
                0x00000000      0x142 src/queue.o
 .text.xQueueGenericSendFromISR
                0x00000000       0x74 src/queue.o
 .text.xQueueGiveFromISR
                0x00000000       0x52 src/queue.o
 .text.xQueueGenericReceive
                0x00000000      0x16a src/queue.o
 .text.xQueueReceiveFromISR
                0x00000000       0x6e src/queue.o
 .text.xQueuePeekFromISR
                0x00000000       0x2e src/queue.o
 .text.uxQueueMessagesWaiting
                0x00000000       0x10 src/queue.o
 .text.uxQueueSpacesAvailable
                0x00000000       0x14 src/queue.o
 .text.uxQueueMessagesWaitingFromISR
                0x00000000        0x6 src/queue.o
 .text.vQueueDelete
                0x00000000        0x6 src/queue.o
 .text.xQueueIsQueueEmptyFromISR
                0x00000000        0xc src/queue.o
 .text.xQueueIsQueueFullFromISR
                0x00000000        0xe src/queue.o
 .debug_info    0x00000000     0x1116 src/queue.o
 .debug_abbrev  0x00000000      0x2dd src/queue.o
 .debug_loc     0x00000000     0x14b7 src/queue.o
 .debug_aranges
                0x00000000       0xa0 src/queue.o
 .debug_ranges  0x00000000      0x108 src/queue.o
 .debug_line    0x00000000      0x7fc src/queue.o
 .debug_str     0x00000000      0x6e4 src/queue.o
 .comment       0x00000000       0x31 src/queue.o
 .debug_frame   0x00000000      0x258 src/queue.o
 .text          0x00000000        0x0 src/tasks.o
 .data          0x00000000        0x0 src/tasks.o
 .bss           0x00000000        0x0 src/tasks.o
 .text.vTaskDelete
                0x00000000       0xaa src/tasks.o
 .text.vTaskResume
                0x00000000       0x9e src/tasks.o
 .text.xTaskResumeFromISR
                0x00000000       0xae src/tasks.o
 .text.vTaskEndScheduler
                0x00000000        0xc src/tasks.o
 .text.xTaskGetTickCountFromISR
                0x00000000        0xa src/tasks.o
 .text.uxTaskGetNumberOfTasks
                0x00000000        0x6 src/tasks.o
 .text.pcTaskGetName
                0x00000000       0x10 src/tasks.o
 .text.vTaskDelay
                0x00000000       0x28 src/tasks.o
 .text.vTaskSuspend
                0x00000000       0x9c src/tasks.o
 .text.vTaskPlaceOnEventList
                0x00000000       0x26 src/tasks.o
 .text.vTaskPlaceOnUnorderedEventList
                0x00000000       0x32 src/tasks.o
 .text.xTaskRemoveFromEventList
                0x00000000       0x90 src/tasks.o
 .text.xTaskRemoveFromUnorderedEventList
                0x00000000       0x74 src/tasks.o
 .text.vTaskSetTimeOutState
                0x00000000       0x16 src/tasks.o
 .text.xTaskCheckForTimeOut
                0x00000000       0x72 src/tasks.o
 .text.vTaskMissedYield
                0x00000000        0x8 src/tasks.o
 .text.uxTaskResetEventItemValue
                0x00000000       0x2e src/tasks.o
 .text.ulTaskNotifyTake
                0x00000000       0xb2 src/tasks.o
 .text.xTaskNotifyWait
                0x00000000      0x108 src/tasks.o
 .text.xTaskGenericNotify
                0x00000000       0xfc src/tasks.o
 .text.xTaskGenericNotifyFromISR
                0x00000000      0x122 src/tasks.o
 .text.vTaskNotifyGiveFromISR
                0x00000000       0xb6 src/tasks.o
 .text.xTaskNotifyStateClear
                0x00000000       0x28 src/tasks.o
 .text          0x00000000        0x0 c:/program files (x86)/atmel studio/7.0/toolchain/avr8/avr8-gnu-toolchain/bin/../lib/gcc/avr/4.9.2/avr51\libgcc.a(_exit.o)
 .data          0x00000000        0x0 c:/program files (x86)/atmel studio/7.0/toolchain/avr8/avr8-gnu-toolchain/bin/../lib/gcc/avr/4.9.2/avr51\libgcc.a(_exit.o)
 .bss           0x00000000        0x0 c:/program files (x86)/atmel studio/7.0/toolchain/avr8/avr8-gnu-toolchain/bin/../lib/gcc/avr/4.9.2/avr51\libgcc.a(_exit.o)
 .text.libgcc.mul
                0x00000000        0x0 c:/program files (x86)/atmel studio/7.0/toolchain/avr8/avr8-gnu-toolchain/bin/../lib/gcc/avr/4.9.2/avr51\libgcc.a(_exit.o)
 .text.libgcc.div
                0x00000000        0x0 c:/program files (x86)/atmel studio/7.0/toolchain/avr8/avr8-gnu-toolchain/bin/../lib/gcc/avr/4.9.2/avr51\libgcc.a(_exit.o)
 .text.libgcc   0x00000000        0x0 c:/program files (x86)/atmel studio/7.0/toolchain/avr8/avr8-gnu-toolchain/bin/../lib/gcc/avr/4.9.2/avr51\libgcc.a(_exit.o)
 .text.libgcc.prologue
                0x00000000        0x0 c:/program files (x86)/atmel studio/7.0/toolchain/avr8/avr8-gnu-toolchain/bin/../lib/gcc/avr/4.9.2/avr51\libgcc.a(_exit.o)
 .text.libgcc.builtins
                0x00000000        0x0 c:/program files (x86)/atmel studio/7.0/toolchain/avr8/avr8-gnu-toolchain/bin/../lib/gcc/avr/4.9.2/avr51\libgcc.a(_exit.o)
 .text.libgcc.fmul
                0x00000000        0x0 c:/program files (x86)/atmel studio/7.0/toolchain/avr8/avr8-gnu-toolchain/bin/../lib/gcc/avr/4.9.2/avr51\libgcc.a(_exit.o)
 .text.libgcc.fixed
                0x00000000        0x0 c:/program files (x86)/atmel studio/7.0/toolchain/avr8/avr8-gnu-toolchain/bin/../lib/gcc/avr/4.9.2/avr51\libgcc.a(_exit.o)
 .text          0x00000000        0x0 c:/program files (x86)/atmel studio/7.0/toolchain/avr8/avr8-gnu-toolchain/bin/../lib/gcc/avr/4.9.2/avr51\libgcc.a(_copy_data.o)
 .data          0x00000000        0x0 c:/program files (x86)/atmel studio/7.0/toolchain/avr8/avr8-gnu-toolchain/bin/../lib/gcc/avr/4.9.2/avr51\libgcc.a(_copy_data.o)
 .bss           0x00000000        0x0 c:/program files (x86)/atmel studio/7.0/toolchain/avr8/avr8-gnu-toolchain/bin/../lib/gcc/avr/4.9.2/avr51\libgcc.a(_copy_data.o)
 .text.libgcc.mul
                0x00000000        0x0 c:/program files (x86)/atmel studio/7.0/toolchain/avr8/avr8-gnu-toolchain/bin/../lib/gcc/avr/4.9.2/avr51\libgcc.a(_copy_data.o)
 .text.libgcc.div
                0x00000000        0x0 c:/program files (x86)/atmel studio/7.0/toolchain/avr8/avr8-gnu-toolchain/bin/../lib/gcc/avr/4.9.2/avr51\libgcc.a(_copy_data.o)
 .text.libgcc   0x00000000        0x0 c:/program files (x86)/atmel studio/7.0/toolchain/avr8/avr8-gnu-toolchain/bin/../lib/gcc/avr/4.9.2/avr51\libgcc.a(_copy_data.o)
 .text.libgcc.prologue
                0x00000000        0x0 c:/program files (x86)/atmel studio/7.0/toolchain/avr8/avr8-gnu-toolchain/bin/../lib/gcc/avr/4.9.2/avr51\libgcc.a(_copy_data.o)
 .text.libgcc.builtins
                0x00000000        0x0 c:/program files (x86)/atmel studio/7.0/toolchain/avr8/avr8-gnu-toolchain/bin/../lib/gcc/avr/4.9.2/avr51\libgcc.a(_copy_data.o)
 .text.libgcc.fmul
                0x00000000        0x0 c:/program files (x86)/atmel studio/7.0/toolchain/avr8/avr8-gnu-toolchain/bin/../lib/gcc/avr/4.9.2/avr51\libgcc.a(_copy_data.o)
 .text.libgcc.fixed
                0x00000000        0x0 c:/program files (x86)/atmel studio/7.0/toolchain/avr8/avr8-gnu-toolchain/bin/../lib/gcc/avr/4.9.2/avr51\libgcc.a(_copy_data.o)
 .text          0x00000000        0x0 c:/program files (x86)/atmel studio/7.0/toolchain/avr8/avr8-gnu-toolchain/bin/../lib/gcc/avr/4.9.2/avr51\libgcc.a(_clear_bss.o)
 .data          0x00000000        0x0 c:/program files (x86)/atmel studio/7.0/toolchain/avr8/avr8-gnu-toolchain/bin/../lib/gcc/avr/4.9.2/avr51\libgcc.a(_clear_bss.o)
 .bss           0x00000000        0x0 c:/program files (x86)/atmel studio/7.0/toolchain/avr8/avr8-gnu-toolchain/bin/../lib/gcc/avr/4.9.2/avr51\libgcc.a(_clear_bss.o)
 .text.libgcc.mul
                0x00000000        0x0 c:/program files (x86)/atmel studio/7.0/toolchain/avr8/avr8-gnu-toolchain/bin/../lib/gcc/avr/4.9.2/avr51\libgcc.a(_clear_bss.o)
 .text.libgcc.div
                0x00000000        0x0 c:/program files (x86)/atmel studio/7.0/toolchain/avr8/avr8-gnu-toolchain/bin/../lib/gcc/avr/4.9.2/avr51\libgcc.a(_clear_bss.o)
 .text.libgcc   0x00000000        0x0 c:/program files (x86)/atmel studio/7.0/toolchain/avr8/avr8-gnu-toolchain/bin/../lib/gcc/avr/4.9.2/avr51\libgcc.a(_clear_bss.o)
 .text.libgcc.prologue
                0x00000000        0x0 c:/program files (x86)/atmel studio/7.0/toolchain/avr8/avr8-gnu-toolchain/bin/../lib/gcc/avr/4.9.2/avr51\libgcc.a(_clear_bss.o)
 .text.libgcc.builtins
                0x00000000        0x0 c:/program files (x86)/atmel studio/7.0/toolchain/avr8/avr8-gnu-toolchain/bin/../lib/gcc/avr/4.9.2/avr51\libgcc.a(_clear_bss.o)
 .text.libgcc.fmul
                0x00000000        0x0 c:/program files (x86)/atmel studio/7.0/toolchain/avr8/avr8-gnu-toolchain/bin/../lib/gcc/avr/4.9.2/avr51\libgcc.a(_clear_bss.o)
 .text.libgcc.fixed
                0x00000000        0x0 c:/program files (x86)/atmel studio/7.0/toolchain/avr8/avr8-gnu-toolchain/bin/../lib/gcc/avr/4.9.2/avr51\libgcc.a(_clear_bss.o)
 .text          0x00000000        0x0 c:/program files (x86)/atmel studio/7.0/toolchain/avr8/avr8-gnu-toolchain/bin/../lib/gcc/avr/4.9.2/../../../../avr/lib/avr51\libc.a(memcpy.o)
 .data          0x00000000        0x0 c:/program files (x86)/atmel studio/7.0/toolchain/avr8/avr8-gnu-toolchain/bin/../lib/gcc/avr/4.9.2/../../../../avr/lib/avr51\libc.a(memcpy.o)
 .bss           0x00000000        0x0 c:/program files (x86)/atmel studio/7.0/toolchain/avr8/avr8-gnu-toolchain/bin/../lib/gcc/avr/4.9.2/../../../../avr/lib/avr51\libc.a(memcpy.o)
 .text.avr-libc
                0x00000000       0x12 c:/program files (x86)/atmel studio/7.0/toolchain/avr8/avr8-gnu-toolchain/bin/../lib/gcc/avr/4.9.2/../../../../avr/lib/avr51\libc.a(memcpy.o)

Memory Configuration

Name             Origin             Length             Attributes
text             0x00000000         0x00020000         xr
data             0x00800100         0x0000ff00         rw !x
eeprom           0x00810000         0x00010000         rw !x
fuse             0x00820000         0x00000400         rw !x
lock             0x00830000         0x00000400         rw !x
signature        0x00840000         0x00000400         rw !x
user_signatures  0x00850000         0x00000400         rw !x
*default*        0x00000000         0xffffffff

Linker script and memory map

Address of section .data set to 0x800100
LOAD C:/Program Files (x86)/Atmel Studio/7.0/Packs/atmel/ATmega_DFP/1.0.98/gcc/dev/atmega128a/avr51/crtatmega128a.o
LOAD main.o
LOAD src/heap_1.o
LOAD src/list.o
LOAD src/port.o
LOAD src/queue.o
LOAD src/tasks.o
START GROUP
LOAD c:/program files (x86)/atmel studio/7.0/toolchain/avr8/avr8-gnu-toolchain/bin/../lib/gcc/avr/4.9.2/../../../../avr/lib/avr51\libm.a
END GROUP
START GROUP
LOAD c:/program files (x86)/atmel studio/7.0/toolchain/avr8/avr8-gnu-toolchain/bin/../lib/gcc/avr/4.9.2/avr51\libgcc.a
LOAD c:/program files (x86)/atmel studio/7.0/toolchain/avr8/avr8-gnu-toolchain/bin/../lib/gcc/avr/4.9.2/../../../../avr/lib/avr51\libm.a
LOAD c:/program files (x86)/atmel studio/7.0/toolchain/avr8/avr8-gnu-toolchain/bin/../lib/gcc/avr/4.9.2/../../../../avr/lib/avr51\libc.a
LOAD C:/Program Files (x86)/Atmel Studio/7.0/Packs/atmel/ATmega_DFP/1.0.98/gcc/dev/atmega128a/avr51\libatmega128a.a
END GROUP

.hash
 *(.hash)

.dynsym
 *(.dynsym)

.dynstr
 *(.dynstr)

.gnu.version
 *(.gnu.version)

.gnu.version_d
 *(.gnu.version_d)

.gnu.version_r
 *(.gnu.version_r)

.rel.init
 *(.rel.init)

.rela.init
 *(.rela.init)

.rel.text
 *(.rel.text)
 *(.rel.text.*)
 *(.rel.gnu.linkonce.t*)

.rela.text
 *(.rela.text)
 *(.rela.text.*)
 *(.rela.gnu.linkonce.t*)

.rel.fini
 *(.rel.fini)

.rela.fini
 *(.rela.fini)

.rel.rodata
 *(.rel.rodata)
 *(.rel.rodata.*)
 *(.rel.gnu.linkonce.r*)

.rela.rodata
 *(.rela.rodata)
 *(.rela.rodata.*)
 *(.rela.gnu.linkonce.r*)

.rel.data
 *(.rel.data)
 *(.rel.data.*)
 *(.rel.gnu.linkonce.d*)

.rela.data
 *(.rela.data)
 *(.rela.data.*)
 *(.rela.gnu.linkonce.d*)

.rel.ctors
 *(.rel.ctors)

.rela.ctors
 *(.rela.ctors)

.rel.dtors
 *(.rel.dtors)

.rela.dtors
 *(.rela.dtors)

.rel.got
 *(.rel.got)

.rela.got
 *(.rela.got)

.rel.bss
 *(.rel.bss)

.rela.bss
 *(.rela.bss)

.rel.plt
 *(.rel.plt)

.rela.plt
 *(.rela.plt)

.text           0x00000000      0xd76
 *(.vectors)
 .vectors       0x00000000       0x8c C:/Program Files (x86)/Atmel Studio/7.0/Packs/atmel/ATmega_DFP/1.0.98/gcc/dev/atmega128a/avr51/crtatmega128a.o
                0x00000000                __vector_default
                0x00000000                __vectors
 *(.vectors)
 *(.progmem.gcc*)
                0x0000008c                . = ALIGN (0x2)
                0x0000008c                __trampolines_start = .
 *(.trampolines)
 .trampolines   0x0000008c        0x0 linker stubs
 *(.trampolines*)
                0x0000008c                __trampolines_end = .
 *(.progmem*)
                0x0000008c                . = ALIGN (0x2)
 *(.jumptables)
 *(.jumptables*)
 *(.lowtext)
 *(.lowtext*)
                0x0000008c                __ctors_start = .
 *(.ctors)
                0x0000008c                __ctors_end = .
                0x0000008c                __dtors_start = .
 *(.dtors)
                0x0000008c                __dtors_end = .
 SORT(*)(.ctors)
 SORT(*)(.dtors)
 *(.init0)
 .init0         0x0000008c        0x0 C:/Program Files (x86)/Atmel Studio/7.0/Packs/atmel/ATmega_DFP/1.0.98/gcc/dev/atmega128a/avr51/crtatmega128a.o
                0x0000008c                __init
 *(.init0)
 *(.init1)
 *(.init1)
 *(.init2)
 .init2         0x0000008c        0xc C:/Program Files (x86)/Atmel Studio/7.0/Packs/atmel/ATmega_DFP/1.0.98/gcc/dev/atmega128a/avr51/crtatmega128a.o
 *(.init2)
 *(.init3)
 *(.init3)
 *(.init4)
 .init4         0x00000098       0x1a c:/program files (x86)/atmel studio/7.0/toolchain/avr8/avr8-gnu-toolchain/bin/../lib/gcc/avr/4.9.2/avr51\libgcc.a(_copy_data.o)
                0x00000098                __do_copy_data
 .init4         0x000000b2       0x10 c:/program files (x86)/atmel studio/7.0/toolchain/avr8/avr8-gnu-toolchain/bin/../lib/gcc/avr/4.9.2/avr51\libgcc.a(_clear_bss.o)
                0x000000b2                __do_clear_bss
 *(.init4)
 *(.init5)
 *(.init5)
 *(.init6)
 *(.init6)
 *(.init7)
 *(.init7)
 *(.init8)
 *(.init8)
 *(.init9)
 .init9         0x000000c2        0x4 C:/Program Files (x86)/Atmel Studio/7.0/Packs/atmel/ATmega_DFP/1.0.98/gcc/dev/atmega128a/avr51/crtatmega128a.o
 *(.init9)
 *(.text)
 .text          0x000000c6        0x2 C:/Program Files (x86)/Atmel Studio/7.0/Packs/atmel/ATmega_DFP/1.0.98/gcc/dev/atmega128a/avr51/crtatmega128a.o
                0x000000c6                __vector_22
                0x000000c6                __vector_28
                0x000000c6                __vector_1
                0x000000c6                __vector_32
                0x000000c6                __vector_34
                0x000000c6                __vector_24
                0x000000c6                __bad_interrupt
                0x000000c6                __vector_6
                0x000000c6                __vector_31
                0x000000c6                __vector_3
                0x000000c6                __vector_23
                0x000000c6                __vector_30
                0x000000c6                __vector_25
                0x000000c6                __vector_11
                0x000000c6                __vector_13
                0x000000c6                __vector_17
                0x000000c6                __vector_19
                0x000000c6                __vector_7
                0x000000c6                __vector_27
                0x000000c6                __vector_5
                0x000000c6                __vector_33
                0x000000c6                __vector_4
                0x000000c6                __vector_9
                0x000000c6                __vector_2
                0x000000c6                __vector_21
                0x000000c6                __vector_15
                0x000000c6                __vector_29
                0x000000c6                __vector_8
                0x000000c6                __vector_26
                0x000000c6                __vector_14
                0x000000c6                __vector_10
                0x000000c6                __vector_16
                0x000000c6                __vector_18
                0x000000c6                __vector_20
                0x000000c8                . = ALIGN (0x2)
 *(.text.*)
 .text.blink_Led_PA4
                0x000000c8       0x24 main.o
 .text.blink_Led_PA3
                0x000000ec       0x24 main.o
 .text.blink_Led_PA2
                0x00000110       0x24 main.o
 .text.blink_Led_PA1
                0x00000134       0x24 main.o
 .text.main     0x00000158       0x94 main.o
                0x00000158                main
 .text.pvPortMalloc
                0x000001ec       0x66 src/heap_1.o
                0x000001ec                pvPortMalloc
 .text.vPortFree
                0x00000252        0x2 src/heap_1.o
                0x00000252                vPortFree
 .text.vListInitialise
                0x00000254       0x1c src/list.o
                0x00000254                vListInitialise
 .text.vListInitialiseItem
                0x00000270        0x8 src/list.o
                0x00000270                vListInitialiseItem
 .text.vListInsertEnd
                0x00000278       0x42 src/list.o
                0x00000278                vListInsertEnd
 .text.vListInsert
                0x000002ba       0x62 src/list.o
                0x000002ba                vListInsert
 .text.uxListRemove
                0x0000031c       0x4c src/list.o
                0x0000031c                uxListRemove
 .text.pxPortInitialiseStack
                0x00000368       0xd8 src/port.o
                0x00000368                pxPortInitialiseStack
 .text.xPortStartScheduler
                0x00000440       0x6a src/port.o
                0x00000440                xPortStartScheduler
 .text.vPortYield
                0x000004aa       0xb0 src/port.o
                0x000004aa                vPortYield
 .text.vPortYieldFromTick
                0x0000055a       0xb4 src/port.o
                0x0000055a                vPortYieldFromTick
 .text.__vector_12
                0x0000060e        0x4 src/port.o
                0x0000060e                __vector_12
 .text.prvResetNextTaskUnblockTime
                0x00000612       0x3e src/tasks.o
 .text.prvAddCurrentTaskToDelayedList
                0x00000650       0xa8 src/tasks.o
 .text.xTaskCreate
                0x000006f8      0x1f8 src/tasks.o
                0x000006f8                xTaskCreate
 .text.vTaskStartScheduler
                0x000008f0       0x50 src/tasks.o
                0x000008f0                vTaskStartScheduler
 .text.vTaskSuspendAll
                0x00000940        0xc src/tasks.o
                0x00000940                vTaskSuspendAll
 .text.xTaskGetTickCount
                0x0000094c       0x14 src/tasks.o
                0x0000094c                xTaskGetTickCount
 .text.xTaskIncrementTick
                0x00000960      0x16e src/tasks.o
                0x00000960                xTaskIncrementTick
 .text.xTaskResumeAll
                0x00000ace       0xf2 src/tasks.o
                0x00000ace                xTaskResumeAll
 .text.vTaskDelayUntil
                0x00000bc0       0x78 src/tasks.o
                0x00000bc0                vTaskDelayUntil
 .text.prvIdleTask
                0x00000c38       0x6e src/tasks.o
 .text.vTaskSwitchContext
                0x00000ca6       0xcc src/tasks.o
                0x00000ca6                vTaskSwitchContext
                0x00000d72                . = ALIGN (0x2)
 *(.fini9)
 .fini9         0x00000d72        0x0 c:/program files (x86)/atmel studio/7.0/toolchain/avr8/avr8-gnu-toolchain/bin/../lib/gcc/avr/4.9.2/avr51\libgcc.a(_exit.o)
                0x00000d72                _exit
                0x00000d72                exit
 *(.fini9)
 *(.fini8)
 *(.fini8)
 *(.fini7)
 *(.fini7)
 *(.fini6)
 *(.fini6)
 *(.fini5)
 *(.fini5)
 *(.fini4)
 *(.fini4)
 *(.fini3)
 *(.fini3)
 *(.fini2)
 *(.fini2)
 *(.fini1)
 *(.fini1)
 *(.fini0)
 .fini0         0x00000d72        0x4 c:/program files (x86)/atmel studio/7.0/toolchain/avr8/avr8-gnu-toolchain/bin/../lib/gcc/avr/4.9.2/avr51\libgcc.a(_exit.o)
 *(.fini0)
                0x00000d76                _etext = .

.data           0x00800100       0x2e load address 0x00000d76
                0x00800100                PROVIDE (__data_start, .)
 *(.data)
 *(.data*)
 *(.rodata)
 *(.rodata*)
 .rodata.str1.1
                0x00800100       0x28 main.o
 .rodata.str1.1
                0x00800128        0x5 src/tasks.o
 *(.gnu.linkonce.d*)
                0x0080012e                . = ALIGN (0x2)
 *fill*         0x0080012d        0x1 
                0x0080012e                _edata = .
                0x0080012e                PROVIDE (__data_end, .)

.bss            0x0080012e      0x646
                0x0080012e                PROVIDE (__bss_start, .)
 *(.bss)
 *(.bss*)
 .bss.pucAlignedHeap.1942
                0x0080012e        0x2 src/heap_1.o
 .bss.xNextFreeByte
                0x00800130        0x2 src/heap_1.o
 .bss.ucHeap    0x00800132      0x5dc src/heap_1.o
 .bss.uxSchedulerSuspended
                0x0080070e        0x1 src/tasks.o
 .bss.xIdleTaskHandle
                0x0080070f        0x2 src/tasks.o
 .bss.xNextTaskUnblockTime
                0x00800711        0x2 src/tasks.o
 .bss.uxTaskNumber
                0x00800713        0x1 src/tasks.o
 .bss.xNumOfOverflows
                0x00800714        0x1 src/tasks.o
 .bss.xYieldPending
                0x00800715        0x1 src/tasks.o
 .bss.uxPendedTicks
                0x00800716        0x1 src/tasks.o
 .bss.xSchedulerRunning
                0x00800717        0x1 src/tasks.o
 .bss.uxTopReadyPriority
                0x00800718        0x1 src/tasks.o
 .bss.xTickCount
                0x00800719        0x2 src/tasks.o
 .bss.uxCurrentNumberOfTasks
                0x0080071b        0x1 src/tasks.o
 .bss.xSuspendedTaskList
                0x0080071c        0x9 src/tasks.o
 .bss.uxDeletedTasksWaitingCleanUp
                0x00800725        0x1 src/tasks.o
 .bss.xTasksWaitingTermination
                0x00800726        0x9 src/tasks.o
 .bss.xPendingReadyList
                0x0080072f        0x9 src/tasks.o
 .bss.pxOverflowDelayedTaskList
                0x00800738        0x2 src/tasks.o
 .bss.pxDelayedTaskList
                0x0080073a        0x2 src/tasks.o
 .bss.xDelayedTaskList2
                0x0080073c        0x9 src/tasks.o
 .bss.xDelayedTaskList1
                0x00800745        0x9 src/tasks.o
 .bss.pxReadyTasksLists
                0x0080074e       0x24 src/tasks.o
 .bss.pxCurrentTCB
                0x00800772        0x2 src/tasks.o
                0x00800772                pxCurrentTCB
 *(COMMON)
                0x00800774                PROVIDE (__bss_end, .)
                0x00000d76                __data_load_start = LOADADDR (.data)
                0x00000da4                __data_load_end = (__data_load_start + SIZEOF (.data))

.noinit         0x00800774        0x0
                0x00800774                PROVIDE (__noinit_start, .)
 *(.noinit*)
                0x00800774                PROVIDE (__noinit_end, .)
                0x00800774                _end = .
                0x00800774                PROVIDE (__heap_start, .)

.eeprom         0x00810000        0x0
 *(.eeprom*)
                0x00810000                __eeprom_end = .

.fuse
 *(.fuse)
 *(.lfuse)
 *(.hfuse)
 *(.efuse)

.lock
 *(.lock*)

.signature
 *(.signature*)

.user_signatures
 *(.user_signatures*)

.stab
 *(.stab)

.stabstr
 *(.stabstr)

.stab.excl
 *(.stab.excl)

.stab.exclstr
 *(.stab.exclstr)

.stab.index
 *(.stab.index)

.stab.indexstr
 *(.stab.indexstr)

.comment        0x00000000       0x30
 *(.comment)
 .comment       0x00000000       0x30 main.o
                                 0x31 (size before relaxing)
 .comment       0x00000030       0x31 src/heap_1.o
 .comment       0x00000030       0x31 src/list.o
 .comment       0x00000030       0x31 src/port.o
 .comment       0x00000030       0x31 src/tasks.o

.note.gnu.avr.deviceinfo
                0x00000000       0x40
 .note.gnu.avr.deviceinfo
                0x00000000       0x40 C:/Program Files (x86)/Atmel Studio/7.0/Packs/atmel/ATmega_DFP/1.0.98/gcc/dev/atmega128a/avr51/crtatmega128a.o

.note.gnu.build-id
 *(.note.gnu.build-id)

.debug
 *(.debug)

.line
 *(.line)

.debug_srcinfo
 *(.debug_srcinfo)

.debug_sfnames
 *(.debug_sfnames)

.debug_aranges  0x00000000      0x228
 *(.debug_aranges)
 .debug_aranges
                0x00000000       0x40 main.o
 .debug_aranges
                0x00000040       0x38 src/heap_1.o
 .debug_aranges
                0x00000078       0x40 src/list.o
 .debug_aranges
                0x000000b8       0x48 src/port.o
 .debug_aranges
                0x00000100      0x128 src/tasks.o

.debug_pubnames
 *(.debug_pubnames)

.debug_info     0x00000000     0x2701
 *(.debug_info .gnu.linkonce.wi.*)
 .debug_info    0x00000000      0x490 main.o
 .debug_info    0x00000490      0x1b8 src/heap_1.o
 .debug_info    0x00000648      0x2cd src/list.o
 .debug_info    0x00000915      0x261 src/port.o
 .debug_info    0x00000b76     0x1b8b src/tasks.o

.debug_abbrev   0x00000000      0x825
 *(.debug_abbrev)
 .debug_abbrev  0x00000000      0x13c main.o
 .debug_abbrev  0x0000013c      0x12e src/heap_1.o
 .debug_abbrev  0x0000026a       0xf8 src/list.o
 .debug_abbrev  0x00000362      0x167 src/port.o
 .debug_abbrev  0x000004c9      0x35c src/tasks.o

.debug_line     0x00000000     0x16c1
 *(.debug_line .debug_line.* .debug_line_end)
 .debug_line    0x00000000      0x233 main.o
 .debug_line    0x00000233      0x1c2 src/heap_1.o
 .debug_line    0x000003f5      0x1df src/list.o
 .debug_line    0x000005d4      0x29c src/port.o
 .debug_line    0x00000870      0xe51 src/tasks.o

.debug_frame    0x00000000      0x660
 *(.debug_frame)
 .debug_frame   0x00000000       0xb4 main.o
 .debug_frame   0x000000b4       0x60 src/heap_1.o
 .debug_frame   0x00000114       0x88 src/list.o
 .debug_frame   0x0000019c       0x74 src/port.o
 .debug_frame   0x00000210      0x450 src/tasks.o

.debug_str      0x00000000      0xd33
 *(.debug_str)
 .debug_str     0x00000000      0x23c main.o
                                0x280 (size before relaxing)
 .debug_str     0x0000023c       0xbb src/heap_1.o
                                0x25c (size before relaxing)
 .debug_str     0x000002f7      0x12b src/list.o
                                0x2d6 (size before relaxing)
 .debug_str     0x00000422      0x108 src/port.o
                                0x2d0 (size before relaxing)
 .debug_str     0x0000052a      0x809 src/tasks.o
                                0xc11 (size before relaxing)

.debug_loc      0x00000000     0x238b
 *(.debug_loc)
 .debug_loc     0x00000000      0x1f4 main.o
 .debug_loc     0x000001f4       0xf1 src/heap_1.o
 .debug_loc     0x000002e5      0x145 src/list.o
 .debug_loc     0x0000042a      0x2ac src/port.o
 .debug_loc     0x000006d6     0x1cb5 src/tasks.o

.debug_macinfo
 *(.debug_macinfo)

.debug_weaknames
 *(.debug_weaknames)

.debug_funcnames
 *(.debug_funcnames)

.debug_typenames
 *(.debug_typenames)

.debug_varnames
 *(.debug_varnames)

.debug_pubtypes
 *(.debug_pubtypes)

.debug_ranges   0x00000000      0x250
 *(.debug_ranges)
 .debug_ranges  0x00000000       0x30 main.o
 .debug_ranges  0x00000030       0x28 src/heap_1.o
 .debug_ranges  0x00000058       0x30 src/list.o
 .debug_ranges  0x00000088       0x38 src/port.o
 .debug_ranges  0x000000c0      0x190 src/tasks.o

.debug_macro
 *(.debug_macro)
OUTPUT(test_FreeRTOS_blink-a-LED.elf elf32-avr)
LOAD linker stubs
